Kotlin
Concise, Safe, Interoperable, Tool-friendly