{
  "id": 6,
  "name": "Test6",
  "status": "ACTIVE",
  "email": "test6@test.com"
}