{
  "id": 1,
  "name": "Test 1",
  "status": "ACTIVE",
  "email": "test1@test.com"
}